// Jest Snapshot v1, https://goo.gl/fbAQLP

exports[`List Component renders with all attributes provided 1`] = `
<div>
  



  <div
    class="ct-list ct-theme-dark ct-list--with-background ct-vertical-spacing-inset--both additional-class"
    data-test="true"
  >
    
  
    <div
      class="ct-list__inner"
    >
      

                  
      <div
        class="ct-list__header"
      >
        
          
        <div
          class="container"
        >
          
            
          <div
            class="row"
          >
            
              
            <div
              class="col-xxs-12 col-m-9"
            >
              
                                  


  
              <h2
                class="ct-heading ct-theme-dark ct-list__title"
              >
                Sample Title
              </h2>
              
                                                
            </div>
            
              
            <div
              class="col-xxs-12 col-m-3"
            >
              
                                                      
              <div
                class="ct-list__link-above ct-flex-justify-content-center"
              >
                
                      





  
                <a
                  class="ct-button ct-theme-dark ct-button--secondary ct-button--link ct-button--regular   ct-list__link-above__link"
                  data-component-name="button"
                  href="https://example.com"
                  role="button"
                >
                  
          
          Link Above      


                                    
                  <svg
                    aria-hidden="true"
                    class="ct-icon  ct-button__icon"
                    height="24"
                    role="img"
                    viewBox="0 0 24 24"
                    width="24"
                    xmlns="http://www.w3.org/2000/svg"
                  >
                    

                    <path
                      d="M17.92 11.62C17.8724 11.4973 17.801 11.3851 17.71 11.29L12.71 6.29C12.6168 6.19676 12.5061 6.1228 12.3842 6.07234C12.2624 6.02188 12.1319 5.99591 12 5.99591C11.7337 5.99591 11.4783 6.1017 11.29 6.29C11.1968 6.38324 11.1228 6.49393 11.0723 6.61575C11.0219 6.73758 10.9959 6.86814 10.9959 7C10.9959 7.2663 11.1017 7.5217 11.29 7.71L14.59 11H7C6.73478 11 6.48043 11.1054 6.29289 11.2929C6.10536 11.4804 6 11.7348 6 12C6 12.2652 6.10536 12.5196 6.29289 12.7071C6.48043 12.8946 6.73478 13 7 13H14.59L11.29 16.29C11.1963 16.383 11.1219 16.4936 11.0711 16.6154C11.0203 16.7373 10.9942 16.868 10.9942 17C10.9942 17.132 11.0203 17.2627 11.0711 17.3846C11.1219 17.5064 11.1963 17.617 11.29 17.71C11.383 17.8037 11.4936 17.8781 11.6154 17.9289C11.7373 17.9797 11.868 18.0058 12 18.0058C12.132 18.0058 12.2627 17.9797 12.3846 17.9289C12.5064 17.8781 12.617 17.8037 12.71 17.71L17.71 12.71C17.801 12.6149 17.8724 12.5028 17.92 12.38C18.02 12.1365 18.02 11.8635 17.92 11.62Z"
                    />
                    

                  </svg>
                  

      
    
  
  
                </a>
                
                    
              </div>
              
                                                
            </div>
            
            
          </div>
          
          
        </div>
        
        
      </div>
      
          
              
    
              
      <div
        class="ct-list__filters"
      >
        
            
        <div
          class="container"
        >
          
              
          <div
            class="row"
          >
            
                
            <div
              class="col-xxs-12"
            >
              
                  Sample Filters
                
            </div>
            
              
          </div>
          
            
        </div>
        
          
      </div>
      
              
                          
      <div
        class="container ct-list__rows-above"
      >
        
                
        <div
          class="row"
        >
          
                  
          <div
            class="col-xxs-12"
          >
            
                                                              
                                                                  


            <div
              class="ct-paragraph ct-theme-dark ct-paragraph--regular ct-list__rows-above__inner"
            >
              
    Rows Above  
            </div>
                                                                        
          </div>
          
                
        </div>
        
              
      </div>
      
                      
                      
      <div
        class="container ct-list__results-count"
      >
        
                
        <div
          class="row"
        >
          
                  
          <div
            class="col-xxs-12"
          >
            
                    


            <label
              class="ct-label ct-theme-dark ct-label--regular  ct-list__results-count__inner"
            >
              
    10 Results  
            </label>
                              
          </div>
          
                
        </div>
        
              
      </div>
      
                      
          
      <div
        class="ct-list__rows"
      >
        
            Rows Content
          
      </div>
      

                                    
      <div
        class="container ct-list__rows-below"
      >
        
                
        <div
          class="row"
        >
          
                  
          <div
            class="col-xxs-12"
          >
            
                                                              
                                                                  


            <div
              class="ct-paragraph ct-theme-dark ct-paragraph--regular ct-list__rows-below__inner"
            >
              
    Rows Below  
            </div>
                                                                        
          </div>
          
                
        </div>
        
              
      </div>
      
                      
              
                    
    
                  
      <div
        class="ct-list__link-below ct-flex-justify-content-center"
      >
        
          





  
        <a
          class="ct-button ct-theme-dark ct-button--secondary ct-button--link ct-button--large   ct-list__link-below__link"
          data-component-name="button"
          href="https://example.com"
          role="button"
        >
          
          
          Link Below      


                                    
          <svg
            aria-hidden="true"
            class="ct-icon  ct-button__icon"
            height="24"
            role="img"
            viewBox="0 0 24 24"
            width="24"
            xmlns="http://www.w3.org/2000/svg"
          >
            

            <path
              d="M17.92 11.62C17.8724 11.4973 17.801 11.3851 17.71 11.29L12.71 6.29C12.6168 6.19676 12.5061 6.1228 12.3842 6.07234C12.2624 6.02188 12.1319 5.99591 12 5.99591C11.7337 5.99591 11.4783 6.1017 11.29 6.29C11.1968 6.38324 11.1228 6.49393 11.0723 6.61575C11.0219 6.73758 10.9959 6.86814 10.9959 7C10.9959 7.2663 11.1017 7.5217 11.29 7.71L14.59 11H7C6.73478 11 6.48043 11.1054 6.29289 11.2929C6.10536 11.4804 6 11.7348 6 12C6 12.2652 6.10536 12.5196 6.29289 12.7071C6.48043 12.8946 6.73478 13 7 13H14.59L11.29 16.29C11.1963 16.383 11.1219 16.4936 11.0711 16.6154C11.0203 16.7373 10.9942 16.868 10.9942 17C10.9942 17.132 11.0203 17.2627 11.0711 17.3846C11.1219 17.5064 11.1963 17.617 11.29 17.71C11.383 17.8037 11.4936 17.8781 11.6154 17.9289C11.7373 17.9797 11.868 18.0058 12 18.0058C12.132 18.0058 12.2627 17.9797 12.3846 17.9289C12.5064 17.8781 12.617 17.8037 12.71 17.71L17.71 12.71C17.801 12.6149 17.8724 12.5028 17.92 12.38C18.02 12.1365 18.02 11.8635 17.92 11.62Z"
            />
            

          </svg>
          

      
    
  
  
        </a>
        
        
      </div>
      
      
              
      <div
        class="ct-list__results-below"
      >
        
                      
        <div
          class="container"
        >
          
              
          <div
            class="row"
          >
            
                
            <div
              class="col-xxs-12"
            >
              
                  
              <div
                class="ct-list__pagination"
              >
                
                    Pagination Content
                  
              </div>
              
                
            </div>
            
              
          </div>
          
            
        </div>
        
                  
      </div>
      
          
          
      <footer
        class="ct-list__footer"
      >
        
          
        <div
          class="container"
        >
          
            
          <div
            class="row"
          >
            
              
            <div
              class="col-xxs-12"
            >
              
                Footer Content
              
            </div>
            
            
          </div>
          
          
        </div>
        
        
      </footer>
      
            
    </div>
    

  </div>
  

</div>
`;

exports[`List Component renders with some attributes missing 1`] = `
<div>
  



  <div
    class="ct-list ct-theme-light   "
  >
    
  
    <div
      class="ct-list__inner"
    >
      

              
              
    
                    
                    
              
      <div
        class="container ct-list__empty-results"
      >
        
            
        <div
          class="row"
        >
          
              
          <div
            class="col-xxs-12"
          >
            
                


            <div
              class="ct-paragraph ct-theme-light ct-paragraph--regular ct-list__empty-results__inner"
            >
              
    No results found  
            </div>
                          
          </div>
          
            
        </div>
        
          
      </div>
      
              
    
          
          
                
    </div>
    

  </div>
  

</div>
`;
