// Jest Snapshot v1, https://goo.gl/fbAQLP

exports[`global.dom should render the template with the provided props 1`] = `
<div>
  <div>
    <span
      class="hello"
    >
      Hello
    </span>
     
    <span
      class="world"
    >
      World
    </span>
  </div>
  

</div>
`;
